
> broken-mirror-1@0.0.1 test:sensors:ingame
> node scripts/ship-sensors-probe.mjs

PASS real engine main loop freezes
PASS all 172 native sensor profiles reach runtime
PASS dark on-screen contact is visible with sensors offline
PASS radio-only declaration at zero sensors has no firing track
PASS radio-only contact cannot be fired on
PASS declaration expires without sensor reidentification
PASS dark contact outside nominal passive reach is untracked
PASS funded sweep acquires a previously unseen contact and spends power
PASS focused scan builds actual equipment assessment with unknown cargo/crew
PASS underfunded active scan pauses rather than transmitting for free
PASS Survey upgrade is denied below economy standing 30
PASS Survey upgrade uses shared tier and charges once
PASS suite 1 enforces faction standing 15
PASS suite 2 enforces faction standing 30
PASS suite 3 enforces faction standing 75
PASS suite and transponder selection persist through save/load
PASS actual pre-sensor save migrates deterministically without charge refill
PASS locally commanded fleet ship can refit independently
PASS fleet restoration preserves own suite and exact crew
PASS foreign visitor cannot consume a fleet refit
PASS checkpoint issuer fixture exists
PASS Unknown is physically trackable and enforceable under Closed
PASS closed dark visitor gets a real withdrawal order
PASS own-side exemption survives player dark mode
PASS issuer shares a live positional track with its same-side patrol
PASS issuer loss stops shared tracking and keeps the last position frozen
PASS issuer reacquisition restores the same-side track
PASS attack-origin evidence is labeled in OPS
PASS hit cue freezes launch origin instead of following hidden movement
PASS point beam hits physical source and credits player damage
PASS empty-origin point beam spends energy but cannot damage moved source
PASS point torpedo is ballistic and preserves impact attribution
PASS point beam collateral kills actual intervening ship and rewards once
PASS counterfire kill reward is not duplicated by another update
PASS ballistic torpedo into empty origin misses moved source
PASS hit-origin counterfire permission expires
PASS npc point counterfire preserves kill credit
PASS escort point counterfire preserves kill credit
PASS station point counterfire preserves kill credit
PASS dark player at foreign same-flag checkpoint obeys Unknown open
PASS dark player at foreign same-flag checkpoint obeys Unknown challenge
PASS dark challenged player remains incomplete and denied services
PASS fresh hostile declaration revises incomplete order without deadline reset
PASS dark player at foreign same-flag checkpoint obeys Unknown closed
PASS five real system geometries load, with remote secret installations
PASS unscanned target label does not disclose its actual hull or faction
PASS inexperienced searches a frozen last position, not hidden coordinates
PASS regular searches a frozen last position, not hidden coordinates
PASS veteran searches a frozen last position, not hidden coordinates
PASS elite searches a frozen last position, not hidden coordinates
PASS ambient slot reuse changes contact identity and resets equipment
PASS returning to a system restores dated reports without granting a fresh track
PASS OPS contains sensor allocation and explicit transponder UI
PASS live OPS refresh preserves expanded contact reports
{"browser":"153.0.8010.12","environment":{"platform":"linux","arch":"x64","cpu":"Intel(R) Xeon(R) Processor","logicalCPUs":4},"errors":[]}
54/54 live sensor checks passed

> broken-mirror-1@0.0.1 test:power:ingame
> node scripts/ship-power-probe.mjs

PASS main loop freezes for deterministic engine scenarios
PASS every authored hull power profile reaches the actual engine
PASS player and NPC on identical hull/fit/allocations pay the same weapon cost
PASS player allocation cannot leak into an NPC flying the same hull
PASS weapon allocation increases actual player damage and shot cost without changing recharge
PASS NPC weapon allocation increases its own damage and shot cost
PASS depleted NPC emits no shot, cooldown or aggression evidence
PASS successful NPC shot debits exactly once and records attribution
PASS depleted player emits no shot and does not spend cooldown
PASS failed disruptive device activations do not spend cooldown or create player attack evidence
PASS equal ships recover the same shield percentage for the same energy despite legacy durability units
PASS legacy regeneration path does not refill ship shields a second time
PASS two fitted secondary cores double output once, never capacity or stored energy
PASS removing core removes output bonus immediately
PASS insufficient continuous power disengages the real player cloak
PASS real flight tick respects engine allocation and accelerates only with supplied propulsion
PASS all four crew profiles fight through the real weapon path
PASS veteran and elite crews preserve more reserve and spend less time near exhaustion than inexperienced crews
PASS fleet creation restores energy and independently assigned skill/temperament
PASS escort energy and crew survive system travel
PASS cached foreign ship keeps energy and crew across return and change of holder
PASS ambient replacement gets its own full initial power and valid crew, with a different seed
PASS save/reload preserves player and fleet energy without stale live state overwriting the save
PASS checkpoint snapshot sanitation preserves power and crew fields
PASS OPS displays generation, demand, reserves and recovery/drain label
PASS OPS has four functional sliders and a read-only unused-allocation count
PASS raising a system spends spare points before reducing other systems
PASS a full allocation budget redistributes without exceeding twenty points
PASS all twenty points can be unused and the removed reserve control cannot change allocation
{"encounters":{"inexperienced":{"min":0.010000000000008166,"shots":74,"low":1145,"recovered":false},"regular":{"min":0.1200916666666765,"shots":75,"low":0,"recovered":false},"veteran":{"min":0.2201583333333214,"shots":79,"low":0,"recovered":false},"elite":{"min":0.3000249999999866,"shots":81,"low":0,"recovered":false}}}
29/29 live power checks passed

> broken-mirror-1@0.0.1 probe
> node scripts/behavior-probe.mjs

behavior-probe: /workspace
  PASS  S1a NPC-only ship kill gives no salvage
  PASS  S1a NPC-only ship kill changes no standing or feat
  PASS  S1b player ship kill still rewards and blames
  PASS  S1c NPC-only station destruction gives no salvage
  PASS  S1c NPC-only station destruction changes no standing or feat
  PASS  S1d escort projectile carries creditSource playerEscort
  PASS  S1d victim records lastDamageSource playerEscort
  PASS  S1d escort projectile kill is credited to the player
  PASS  S1e NPC-only clearing of Bajora sets no feat and no Cardassian standing
  PASS  S1e NPC-only clearing of Bajora gives no salvage or other standing
  PASS  S1f player final kill on Bajora still unlocks feat and >= +15 Cardassian
  PASS  S2a hunter keeps pursuing beyond weapon range
  PASS  S2b hunter beyond weapon range never fires (weapon ready, >2 cooldowns)
  PASS  S2c hunter inside weapon range fires and lands (beam)
  PASS  S3a Breen and Dominion have no declared relationship either way
  PASS  S3a five formerly missing keys are present in the table as empty lists
  PASS  S3a unknown relation key warns exactly once
  PASS  S3b foreign-owned and private stations in the player system keep their owners
  PASS  S3b independent escort and owned station both fire on a raider (ticks)
  PASS  S3b hostile independent ship is a target and attacker; independence is no immunity
  PASS  S3c neutral trader never defends
  PASS  S3c same-flag foreign patrol may assist a raid defense while staying foreign
  PASS  S3c a hostile station flying the player flag is an escort target; a calm one is not
  PASS  S3c same-flag foreign vessel that fires on the player station is an attacker and target
  PASS  S3d raising a flag re-flags owned installations only; owners unchanged
  PASS  S3d same-flag raid: player escorts wearing the raider flag still count and engage
  PASS  S3e peaceful foreign patrol is not a defender against a fleet it has no quarrel with
  PASS  S3e a foreign concession at war with the raiders counts as a defender until reduced
  PASS  S3e real raid capture transfers control and player installations, not the foreign station
  PASS  S3e a surviving occupation fleet blocks reclamation; clearing it allows the claim
  PASS  S3e the real Claim button reclaims control and installations without re-flagging the foreign station (runtime and cache)
  PASS  S3f unknown origin stays unknown (no controller, no polity)
  PASS  S3f custom polity ID is preserved exactly (case included)
  PASS  S3f custom polity ships and station share one side; an unrelated independent does not
  PASS  S3f explicit independence is distinct per world and never the origin empire
  PASS  S3g arrival protection is personal (fleet, orders, factions, control, stations untouched)
  PASS  S3h control for every planet is identical across save/reload
  PASS  S3h expected holders after reload (player, independent Earth, Cardassian Bajora, untouched origins)
  PASS  S3h station owners and flags survive reload and re-entry
  PASS  S3h legacy save without ownership records migrates to the expected owners
  PASS  S3k cached re-entry keeps existing ship id, hull, faction and side across return and change of holder
  PASS  S3k a constructed custom-polity ship in the snapshot is not re-fitted on restoration
  PASS  S3l flying the holder flag is not control, but grants faction access
  PASS  S3j an alliance does not excuse a witnessed attack (Vulcan fires on Terran station)
  PASS  S3j fleet accounting follows the same rule: allied patrol and station count only after the attack
  PASS  S3f2 a custom government's own stations block conquest; its concessions do not
  PASS  S4.1 with no policy set the effective policy is the default and answers match Phase 1
  PASS  S4.2 two holdings: return-fire at home ignores a calm war-flag patrol until it fires; defend at Vulcan engages it
  PASS  S4.3 independent player: defend engages the hostile ship but not a visiting Klingon; return-fire waits for fire
  PASS  S4.4 foreign-defense independence: the live Vulcan concession fires on its attacker under both ROEs; the player escort does not; sides and ownership unchanged
  PASS  S4.5 station retaliation: return-fire ignores a merely hostile station until it fires; defend does not
  PASS  S4.6 explicit orders override ROE (escort fires on the ordered live foreign hub); an order on a live player-owned installation is refused, leaves it friendly, and it is never fired on
  PASS  S4.14 attacking a same-flag foreign concession never turns player-owned stations, cached copies or the garrison against the player
  PASS  S4.15 an ambient replacement on the same slot inherits no attack evidence, aggro, escort order or raid membership
  PASS  S4.7 an attackId alone is not raid evidence; only a raid on this holding counts
  PASS  S4.8 aggression counts only where it was seen; standing orders apply outside holdings
  PASS  S4.9 partial overrides merge by dimension without erasing other defaults
  PASS  S4.10 raising another flag leaves policies untouched
  PASS  S4.11 a lost holding has no effective policy, keeps its override, uses standing orders; reclaim restores it
  PASS  S4.12 policies survive save/reload; a legacy save loads with the default and no overrides
  PASS  S4.13 Security tab only where the side has authority; its buttons set, promote and clear policy
  PASS  S5.0 checkpoint authority: foreign and private stations are not anchors; disabled by default; a same-flag foreign world rejects configuration; enabling activates the zone
  PASS  S5.1 open access: a visitor crosses an enabled open zone; no order, objective, offence, hostility, standing change or shot
  PASS  S5.17 tightening open access while a visitor is already inside issues a withdrawal in the same visit
  PASS  S5.2 challenge: one order, the civilian approaches, holds through the dwell, is cleared with scope movement_identity and resumes its route; identity untouched
  PASS  S5.3 closed: one withdrawal instruction; the civilian leaves, is recorded withdrawn (scope withdrawal), takes an outside lane, and gets no clearance
  PASS  S5.4 refusal/expiry under return-fire: a calm war-flag visitor expires; noncompliance recorded once; no hostility, raid flag, aggro or standing change; escorts and turrets do not fire
  PASS  S5.5 real aggression under the same policy still permits defence; stale evidence does not; no clearance is implied
  PASS  S5.7 classification: own side exempt, same-flag foreigner other, unbranded hull independent, war flag, declared custom polity other, unidentified enforceable with default open
  PASS  S5.10 time: the local clock follows the simulated delta, not wall or unloaded time; engine loss and combat end orders without fault; an order in an unloaded system keeps its remaining time and resumes on the same slot
  PASS  S5.11 save/reload during approach and during dwell: same participant, order, remaining time, declared broadcast and dwell; no duplicate, refilled hull or repeated incident; the check then completes
  PASS  S5.12 a replacement on the same slot is a new instance with no order or clearance; the old order closes; boundary jitter is not a new episode, a separated re-entry is
  PASS  S5.13 capture ends orders as authority_changed and bumps the epoch; retained configuration and override command nothing under the occupier; reclaim restores the checkpoint but no old order
  PASS  S5.14 operator UI: access click changes one dimension; waive (not verified), request withdrawal (revision), cancel; stricter access revises the same order, relaxation closes it without fault; reconfiguration closes without fault
  PASS  S5.15 anchor destroyed: the order ends as checkpoint_unavailable without blame and the configuration is kept; a legacy save loads with no zones or orders; invalid records recover without crashing or orphan objectives
  PASS  S5.8 player at the Vulcan checkpoint: placed outside on arrival, ordered on crossing, refused docking while pending, clearance request refused off-marker, repeat keeps the timer, cleared after holding, then docks; aggression revokes clearance; foreign policy not editable
  PASS  S5.9 player withdraw resolves only on physical exit and grants no clearance; refusal closes the order, is recorded, blocks docking, creates no hostility or standing change; a completed jump ends the visit
  PASS  S5.16 isolation: a hostile ship is never addressed and stays a target; a waiver changes no fleet orders or hostility
  PASS  S3i enemy defenders select and engage a player escort attacking their installation
  detail: {"setup":[],"stage":"S5","npcShipKill":{"destroyed":true,"latinumDelta":0,"standingDelta":0,"anyStandingChanged":false,"featsChanged":false},"playerShipKill":{"destroyed":true,"latinumDelta":51,"standingDelta":-4},"npcStationKill":{"destroyed":true,"latinumDelta":0,"anyStandingChanged":false,"featsChanged":false},"escortProjectileKill":{"shotOwner":"npc","shotCredit":"playerEscort","lastDamageSource":"playerEscort","destroyed":true,"latinumDelta":34,"standingDelta":-4},"bajoraNpcOnly":{"stations":4,"allDestroyed":true,"featSet":false,"cardassianDelta":0,"latinumDelta":0,"anyStandingChanged":false,"featsChanged":false},"bajoraStationSets":{"first":"46-152,46-153,46-154,egg-shipyard-bajoran-1","second":"46-152,46-153,46-154,egg-shipyard-bajoran-1"},"bajoraPlayerFinal":{"stations":4,"allDestroyed":true,"featSet":true,"cardassianDelta":15},"far":{"weaponRange":820,"distance":4000,"fired":false,"playerHitAfter":false,"maxDrop":0,"pursuing":true,"alive":true,"elapsedMs":4020},"near":{"distance":410,"fired":true,"playerHitAfter":true,"maxDrop":14,"pursuing":true,"alive":true,"elapsedMs":12},"relations":{"breenDominionAligned":false,"breenDominionOpposed":false,"breenFriendly":[],"dominionFriendly":["cardassian"],"entriesPresent":true,"explicitEmpty":true,"unknownKeyWarnings":1},"independent":{"control":{"index":13,"origin":"ferengi","originSource":"government","controller":"player","controlSource":"player","polityId":"player","allegiance":"neutral","playerControlled":true},"owners":{"gov":"player","foreign":"vulcan","priv":"private:probe-private-1"},"govFlag":"neutral","govOwned":true,"foreignFlag":"vulcan","foreignOwned":false,"escortIsDefender":true,"raiderAttacksEscortSide":true,"escortTargetsRaider":true,"raiderDamagedBy":"station","raiderHullDropped":true,"escortFired":true,"stationFired":true},"hostileNeutral":{"escortTarget":true,"attackerToEscort":true,"canTargetStation":true,"stationState":{"destroyed":false,"attitude":"friendly","owner":"player"},"sideId":"ship:9303"},"visitors":{"playerControlled":true,"sameFlagStation":{"owner":"ferengi","flag":"ferengi","targetWhenCalm":false,"targetWhenHostile":true},"traderDefends":false,"patrolMayAssist":true,"patrolEngagesPirate":true,"patrolOwnerUnchanged":true,"merchantAttacker":true,"merchantEscortTarget":true,"merchantAggressionSide":"player"},"flagChange":{"playerFaction":"klingon","control":{"index":13,"origin":"ferengi","originSource":"government","controller":"player","controlSource":"player","polityId":"player","allegiance":"klingon","playerControlled":true},"owners":{"gov":"player","foreign":"vulcan","priv":"private:probe-private-1"},"govFlag":"klingon","govOwned":true,"foreignFlag":"vulcan","foreignOwned":false,"privFlag":"neutral","privOwned":false},"sameFlagRaid":{"playerFlag":"klingon","raiderFlag":"klingon","escortFlag":"klingon","escortSide":"player","escortCounted":true,"raiderIsTarget":true,"raiderAttacksEscort":true},"reconquest":{"concessionHolds":{"stations":["probe-foreign-vulcan"],"ships":0},"stillPlayerWhileConcessionStands":"player","capturePreconditions":{"stations":0,"ships":0,"player":false},"lostController":"romulan","ownersLost":{"gov":"romulan","foreign":"vulcan","priv":"private:probe-private-1"},"govFlagLost":"romulan","govOwnedLost":false,"attackersAfter":[{"faction":"romulan","role":"occupationFleet"},{"faction":"romulan","role":"occupationFleet"}],"bystanderAfterCapture":{"faction":"ferengi","side":"ferengi","alive":true,"defends":true,"targetsFleet":null},"reclaimBlocked":{"canClaim":false,"blockers":["patrol ship:romulan","patrol ship:romulan"],"stillLost":"romulan","clearedCanClaim":true},"reclaimedController":"player","ownersReclaimed":{"gov":"player","foreign":"vulcan","priv":"private:probe-private-1"},"govFlagReclaimed":"klingon","claimRuntime":{"govFlag":"klingon","govOwner":"player","foreignFlag":"vulcan","foreignOwner":"vulcan","foreignAttitude":"destroyed"},"claimCache":{"govFlag":"klingon","foreignFlag":"vulcan","foreignOwned":false}},"customPolity":{"controller":"Zzyx-Council","polityId":"Zzyx-Council","shipSides":["Zzyx-Council","Zzyx-Council","ship:9343"],"stationOwner":"Zzyx-Council","shipsAligned":true,"shipStationAligned":true,"loneAligned":false,"stationOwnedByPolity":true},"identity":{"unknown":{"origin":null,"originSource":"unknown","controller":null,"polityId":null},"custom":{"controller":"Zzyx-Council","polityId":"Zzyx-Council","allegiance":"neutral"},"earth":{"origin":"terran","controller":"neutral","polityId":"polity:0","allegiance":"neutral"},"distinctPolities":true},"arrival":{"protectionSet":true,"fleetSurvived":true,"ordersKept":true,"factionsKept":true,"controlUnchanged":true,"stationAttitudesUnchanged":true},"persistence":{"planets":101,"diffs":[],"flagKept":true,"expected":{"home":true,"vulcanQonos":true,"earth":true,"bajora":true,"untouchedOrigin":true,"unknownOrigins":0},"ownersAfterReload":{"gov":"player","foreign":"vulcan","priv":"private:probe-private-1"},"runtime":{"govFlag":"klingon","govOwned":true,"foreignFlag":"vulcan","foreignOwned":false}},"migration":{"hadRecords":true,"recordsRebuilt":true,"homeGov":"player","foreignRecorded":null,"foreignResolved":"vulcan","privateResolved":"private:probe-private-1","bajoraGov":true},"cachedReentry":{"zz":{"shipId":305,"faction":"neutral","side":"Zzyx-Council"},"ships":8,"sameAfterReturn":true,"sameAfterCapture":true,"holderDuring":"romulan","govFlagUnderRomulans":null},"alliedAggression":{"aligned":true,"attacker":false,"turretTarget":false,"fleet":{"patrol":false,"station":false},"firedAt":"terran","attackerAfter":true,"turretTargetAfter":true,"patrolSelects":true,"fleetAfter":{"patrol":true,"station":true}},"customConquest":{"controller":"Zzyx-Council","councilStations":5,"blockers":["station:J'lin Center","station:U of Vulcan","station:V'Pek Tar","station:VSU Dorms","station:Vulcan South U"],"blockedCanClaim":false,"clearedCanClaim":true,"concessionOwner":"ferengi","privateOwner":"private:probe-council-private"},"sameFlagAuthority":{"playerFlag":"klingon","controller":"klingon","controlled":false,"claimLabel":"Claim System","access":true},"enemyDefense":{"playerFlag":"klingon","beforeAttack":{"attacker":false,"target":null},"escortFiredAt":"klingon","escortIsAttacker":true,"defenderSelectsEscort":true,"defenderFiredAt":"player","defenderFired":true,"escortDamagedBy":"station","escortHullDropped":true},"policyDefault":{"effective":{"roe":"defend","access":{"warFlag":"open","independent":"open","unknown":"open","other":"open"},"alerts":"incidents"},"matchesDefault":true,"raider":{"target":true,"attacker":true},"hostile":{"target":true,"attacker":true},"warFlag":{"target":true,"attacker":true},"calm":{"target":false,"attacker":false}},"twoHoldings":{"homeRoe":"return-fire","vulcanRoe":"defend","homeCalm":{"target":false,"attacker":false},"homeAfterFire":{"target":true,"attacker":true},"vulcanCalm":{"target":true,"attacker":true}},"independentPlayer":{"flag":"neutral","defend":{"klingon":{"target":false,"attacker":false},"hostile":{"target":true,"attacker":true}},"returnFire":{"hostile":{"target":false,"attacker":false}},"afterFire":{"target":true,"attacker":true}},"foreignDefense":{"defend":{"concessionAlive":true,"concessionFired":true,"raiderHitBy":"station","escortFiredAtRaider":false,"raider":{"target":false,"attacker":false},"concessionTurret":true,"concessionOwner":"vulcan","patrolSide":"ferengi","patrolCommanded":false},"return-fire":{"concessionAlive":true,"concessionFired":true,"raiderHitBy":"station","escortFiredAtRaider":false,"raider":{"target":false,"attacker":false},"concessionTurret":true,"concessionOwner":"vulcan","patrolSide":"ferengi","patrolCommanded":false}},"stationRoe":{"hubAlive":true,"govAlive":true,"hubOwner":"ferengi","hubFiredAt":"player","hubHostileReturnFire":false,"hubAfterFire":true,"hubHostileDefend":true,"calmHubNoOrder":false,"calmHubOrdered":true,"hubFiredOn":true,"ownOrderRefused":true,"ownOrdered":false,"ownNeverFiredOn":true},"ownDefenses":{"flag":"ferengi","hubOwner":"ferengi","hubFlag":"ferengi","hubAlive":true,"hubHitByEscort":true,"hubTurnedHostile":true,"gov":{"owner":"player","hostile":false,"attitude":"friendly","firedAtPlayer":false},"cachedGov":{"hostile":false,"attitude":"friendly"},"garrison":{"side":"player","hostile":false,"attitude":"friendly","aggro":false},"foreignPatrolAlerted":true},"replacementEvidence":{"sameId":true,"before":{"target":true,"attacker":true},"after":{"target":false,"attacker":false},"fields":{"aggressionAt":0,"aggressionSide":null,"aggro":0,"order":0,"attackId":null,"damage":null}},"raidEvidence":{"roe":"return-fire","staleNoAttack":{"target":false,"attacker":false},"staleOtherSystem":{"target":false,"attacker":false},"raidHere":{"target":true,"attacker":true}},"aggressionScope":{"elsewhereAggression":{"target":false,"attacker":false},"hereAggression":{"target":true,"attacker":true},"abroadCalm":{"roe":"return-fire","held":false,"target":false,"attacker":false},"abroadAfterFire":{"target":true,"attacker":true},"abroadDefendCalm":{"target":true,"attacker":true}},"partialOverride":{"partial1":{"roe":"defend","access":{"warFlag":"challenge","independent":"closed","unknown":"open","other":"open"},"alerts":"incidents"},"partial2":{"roe":"return-fire","access":{"warFlag":"challenge","independent":"closed","unknown":"open","other":"open"},"alerts":"incidents"},"storedOverride":{"roe":"return-fire","access":{"independent":"closed"}}},"flagPolicy":{"same":true,"roeHome":"return-fire","flag":"klingon"},"lossReclaim":{"effective":null,"retained":true,"roeApplied":"defend","defaultRoe":"defend","reclaimedRoe":"return-fire"},"persistPolicy":{"same":true,"effSame":true,"legacyDefault":true,"legacyNoOverride":true},"securityUi":{"flag":"klingon","tabPresent":true,"uiOverride":"return-fire","uiDefault":"return-fire","uiCleared":true,"foreignHeldByFlagFaction":"klingon","foreignTab":false},"zoneAuthority":{"foreignExcluded":true,"foreignPresent":true,"disabledByDefault":true,"setAtForeign":true,"enabled":true,"radius":673,"hold":538},"openAccess":{"inside":true,"orders":0,"hostile":false,"attackId":null,"standingsSame":true,"escortFired":null,"anchorShots":null,"noncompliant":false},"policyTightening":{"sameEpisode":true,"issued":true,"kind":"withdraw","decision":"closed"},"challenge":{"issued":true,"kind":"challenge","cls":"other","destWhileOrdered":"checkpoint hold","reached":true,"dwellSeen":41.66674999999999,"cleared":true,"outcome":"cleared","compliance":"movement_identity","orders":1,"clearance":"check","resumed":true,"identity":{"role":"traffic","side":"ferengi","fleet":null,"faction":"ferengi"},"identityBefore":{"role":"traffic","side":"ferengi","fleet":null,"faction":"ferengi"},"stillOneOrderAfterDwell":true},"closedAccess":{"issued":true,"kind":"withdraw","withdrawn":true,"outcome":"withdrawn","compliance":"withdrawal","nextDestinationOutside":true,"objectiveCleared":true,"orders":1,"clearance":null},"refusal":{"issued":true,"cls":"warFlag","expired":true,"outcome":"expired","noncompliant":true,"hostile":false,"attackId":null,"aggro":false,"standingsSame":true,"escortTarget":false,"attacker":false,"escortFired":null,"anchorFired":null,"secondOrderForSameVisit":1},"realAggression":{"afterShot":{"target":true,"attacker":true},"stale":{"target":false,"attacker":false},"noClearance":true},"classification":{"own":"exempt:open:false","sameFlag":"other:challenge:true","independent":"independent:challenge:true","warFlag":"warFlag:closed:true","custom":"other:challenge:true","unknown":"unknown:open:true","player":"exempt:open","unknownNotOrdered":true,"ownNotOrdered":true,"customOrdered":true,"customSide":"Zzyx-Council"},"timeAndInterruptions":{"slowDelta":42,"idleDelta":0,"unloadedDelta":0,"disabled":"unable_to_comply","disabledFault":false,"combat":"interrupted","combatFault":false,"awayOrderKeptRemaining":true,"awayRestoredSameSlot":true,"awayOrderStillActive":true},"saveReload":{"approach":{"orderKept":true,"remainingKept":true,"restored":true,"sameSlot":true,"duplicates":1,"hullKept":true,"objective":true,"ordersForVisitor":1,"cacheWiped":true,"broadcastKept":true},"dwell":{"dwellKept":true,"restored":true,"clearedAfter":true,"ordersForVisitor":1,"dwellBefore":1500}},"replacementIdentity":{"orderIssued":true,"sameNpcId":true,"instanceChanged":true,"oldOrderClosed":"contact_lost","oldOutcome":"contact_lost","newHasNoClearance":true,"newHasNoOrder":true,"ep0":1,"epJitter":1,"epReturn":2},"captureReclaim":{"orderBefore":true,"outcome":"authority_changed","epochBumped":true,"lostZone":true,"configKept":true,"overrideKept":true,"ordersUnderOccupier":0,"reclaimedActive":true,"reclaimedEpoch":2,"oldOrderStillClosed":true,"activeAfterReclaim":0},"operatorUi":{"clickedAccess":true,"accessOther":"challenge","accessWarFlagUntouched":"open","rowShown":true,"waived":true,"waivedOutcome":"waived","waiverProvenance":"waiver","waiverNotVerified":true,"requested":true,"afterRequest":{"kind":"withdraw","revision":2,"outcome":null},"cancelled":true,"cancelledOutcome":"canceled","stricter":true,"afterStricter":{"id":"o32","kind":"withdraw","revision":2,"outcome":null,"count":1},"relaxed":true,"afterRelax":{"outcome":"policy_relaxed","noncompliant":false},"reconfigured":true,"afterReconfig":{"outcome":"zone_reconfigured","noncompliant":false,"zoneAnchor":"13-64"}},"checkpointLoss":{"loss":{"outcome":"checkpoint_unavailable","zoneGone":true,"noFault":true,"configKept":true},"legacy":{"noZones":true,"noOrders":true,"zoneNull":true},"invalid":{"ok":true,"noOrders":true,"noOrphanObjective":true,"zoneNull":true}},"playerCompliance":{"arrival":{"placed":true,"inside":false,"insideBefore":true,"anchor":"J'lin Center","radius":605},"noOrderOutside":true,"ordered":true,"kind":"challenge","cls":"independent","dockBlockedNear":{"ok":false,"log":"Vulcan Orbital Authority: hold at the marked point for clearance before docking."},"requestRefused":true,"panelShown":true,"repeatKeepsTimer":true,"acknowledged":true,"clearedP":true,"outcome":"cleared","dockAfter":true,"clearanceRevokedByAggression":true,"foreignEditRejected":true},"playerWithdrawRefuse":{"newOrderAfterReentry":true,"withdrawingP":true,"stillActiveBeforeMove":true,"withdrawnP":"withdrawn","clearanceAfterWithdraw":null,"refuseOrder":true,"refusedOutcome":"refused","noncompliant":true,"dockRefused":false,"standingsSame":true,"anyHostile":false,"departureClears":{"outcome":"refused","noncompliantAfterJump":false,"inside":false,"now":true}},"isolation":{"hostileNotAddressed":true,"hostileStillTarget":true,"fleetSame":true,"waived":true,"hostileFlagKept":true}}

> broken-mirror-1@0.0.1 build
> node scripts/build-release.mjs

Release written to /workspace/dist
Chrome extension app written to /workspace/dist-chrome-extension

> broken-mirror-1@0.0.1 build:python
> python3 scripts/build_release.py

Release written to /workspace/dist
Chrome extension app written to /workspace/dist-chrome-extension
