
> broken-mirror-1@0.0.1 probe
> node scripts/behavior-probe.mjs

behavior-probe: /workspace
  PASS  S1a NPC-only ship kill gives no salvage
  PASS  S1a NPC-only ship kill changes no standing or feat
  PASS  S1b player ship kill still rewards and blames
  PASS  S1c NPC-only station destruction gives no salvage
  PASS  S1c NPC-only station destruction changes no standing or feat
  PASS  S1d escort projectile carries creditSource playerEscort
  PASS  S1d victim records lastDamageSource playerEscort
  PASS  S1d escort projectile kill is credited to the player
  PASS  S1e NPC-only clearing of Bajora sets no feat and no Cardassian standing
  PASS  S1e NPC-only clearing of Bajora gives no salvage or other standing
  PASS  S1f player final kill on Bajora still unlocks feat and >= +15 Cardassian
  PASS  S2a hunter keeps pursuing beyond weapon range
  PASS  S2b hunter beyond weapon range never fires (weapon ready, >2 cooldowns)
  PASS  S2c hunter inside weapon range fires and lands (beam)
  PASS  S3a Breen and Dominion have no declared relationship either way
  PASS  S3a five formerly missing keys are present in the table as empty lists
  PASS  S3a unknown relation key warns exactly once
  PASS  S3b foreign-owned and private stations in the player system keep their owners
  PASS  S3b independent escort and owned station both fire on a raider (ticks)
  PASS  S3b hostile independent ship is a target and attacker; independence is no immunity
  PASS  S3c neutral trader never defends
  PASS  S3c same-flag foreign patrol may assist a raid defense while staying foreign
  PASS  S3c a hostile station flying the player flag is an escort target; a calm one is not
  PASS  S3c same-flag foreign vessel that fires on the player station is an attacker and target
  PASS  S3d raising a flag re-flags owned installations only; owners unchanged
  PASS  S3d same-flag raid: player escorts wearing the raider flag still count and engage
  PASS  S3e peaceful foreign patrol is not a defender against a fleet it has no quarrel with
  PASS  S3e a foreign concession at war with the raiders counts as a defender until reduced
  PASS  S3e real raid capture transfers control and player installations, not the foreign station
  PASS  S3e a surviving occupation fleet blocks reclamation; clearing it allows the claim
  PASS  S3e the real Claim button reclaims control and installations without re-flagging the foreign station (runtime and cache)
  PASS  S3f unknown origin stays unknown (no controller, no polity)
  PASS  S3f custom polity ID is preserved exactly (case included)
  PASS  S3f custom polity ships and station share one side; an unrelated independent does not
  PASS  S3f explicit independence is distinct per world and never the origin empire
  PASS  S3g arrival protection is personal (fleet, orders, factions, control, stations untouched)
  PASS  S3h control for every planet is identical across save/reload
  PASS  S3h expected holders after reload (player, independent Earth, Cardassian Bajora, untouched origins)
  PASS  S3h station owners and flags survive reload and re-entry
  PASS  S3h legacy save without ownership records migrates to the expected owners
  PASS  S3k cached re-entry keeps existing ship id, hull, faction and side across return and change of holder
  PASS  S3k a constructed custom-polity ship in the snapshot is not re-fitted on restoration
  PASS  S3l flying the holder flag is not control, but grants faction access
  PASS  S3j an alliance does not excuse a witnessed attack (Vulcan fires on Terran station)
  PASS  S3j fleet accounting follows the same rule: allied patrol and station count only after the attack
  PASS  S3f2 a custom government's own stations block conquest; its concessions do not
  PASS  S4.1 with no policy set the effective policy is the default and answers match Phase 1
  PASS  S4.2 two holdings: return-fire at home ignores a calm war-flag patrol until it fires; defend at Vulcan engages it
  PASS  S4.3 independent player: defend engages the hostile ship but not a visiting Klingon; return-fire waits for fire
  PASS  S4.4 foreign-defense independence: the live Vulcan concession fires on its attacker under both ROEs; the player escort does not; sides and ownership unchanged
  PASS  S4.5 station retaliation: return-fire ignores a merely hostile station until it fires; defend does not
  PASS  S4.6 explicit orders override ROE (escort fires on the ordered live foreign hub); an order on a live player-owned installation is refused, leaves it friendly, and it is never fired on
  PASS  S4.14 attacking a same-flag foreign concession never turns player-owned stations, cached copies or the garrison against the player
  PASS  S4.15 an ambient replacement on the same slot inherits no attack evidence, aggro, escort order or raid membership
  PASS  S4.7 an attackId alone is not raid evidence; only a raid on this holding counts
  PASS  S4.8 aggression counts only where it was seen; standing orders apply outside holdings
  PASS  S4.9 partial overrides merge by dimension without erasing other defaults
  PASS  S4.10 raising another flag leaves policies untouched
  PASS  S4.11 a lost holding has no effective policy, keeps its override, uses standing orders; reclaim restores it
  PASS  S4.12 policies survive save/reload; a legacy save loads with the default and no overrides
  PASS  S4.13 Security tab only where the side has authority; its buttons set, promote and clear policy
  PASS  S5.0 checkpoint authority: foreign and private stations are not anchors; disabled by default; a same-flag foreign world rejects configuration; enabling activates the zone
  PASS  S5.1 open access: a visitor crosses an enabled open zone; no order, objective, offence, hostility, standing change or shot
  PASS  S5.17 tightening open access while a visitor is already inside issues a withdrawal in the same visit
  PASS  S5.2 challenge: one order, the civilian approaches, holds through the dwell, is cleared with scope movement_identity and resumes its route; identity untouched
  PASS  S5.3 closed: one withdrawal instruction; the civilian leaves, is recorded withdrawn (scope withdrawal), takes an outside lane, and gets no clearance
  PASS  S5.4 refusal/expiry under return-fire: a calm war-flag visitor expires; noncompliance recorded once; no hostility, raid flag, aggro or standing change; escorts and turrets do not fire
  PASS  S5.5 real aggression under the same policy still permits defence; stale evidence does not; no clearance is implied
  PASS  S5.7 classification: own side exempt, same-flag foreigner other, unbranded hull independent, war flag, declared custom polity other, unidentified enforceable with default open
  PASS  S5.10 time: the local clock follows the simulated delta, not wall or unloaded time; engine loss and combat end orders without fault; an order in an unloaded system keeps its remaining time and resumes on the same slot
  PASS  S5.11 save/reload during approach and during dwell: same participant, order, remaining time, declared broadcast and dwell; no duplicate, refilled hull or repeated incident; the check then completes
  PASS  S5.12 a replacement on the same slot is a new instance with no order or clearance; the old order closes; boundary jitter is not a new episode, a separated re-entry is
  PASS  S5.13 capture ends orders as authority_changed and bumps the epoch; retained configuration and override command nothing under the occupier; reclaim restores the checkpoint but no old order
  PASS  S5.14 operator UI: access click changes one dimension; waive (not verified), request withdrawal (revision), cancel; stricter access revises the same order, relaxation closes it without fault; reconfiguration closes without fault
  PASS  S5.15 anchor destroyed: the order ends as checkpoint_unavailable without blame and the configuration is kept; a legacy save loads with no zones or orders; invalid records recover without crashing or orphan objectives
  PASS  S5.8 player at the Vulcan checkpoint: placed outside on arrival, ordered on crossing, refused docking while pending, clearance request refused off-marker, repeat keeps the timer, cleared after holding, then docks; aggression revokes clearance; foreign policy not editable
  PASS  S5.9 player withdraw resolves only on physical exit and grants no clearance; refusal closes the order, is recorded, blocks docking, creates no hostility or standing change; a completed jump ends the visit
  PASS  S5.16 isolation: a hostile ship is never addressed and stays a target; a waiver changes no fleet orders or hostility
  PASS  S3i enemy defenders select and engage a player escort attacking their installation
  detail: {"setup":[],"stage":"S5","npcShipKill":{"destroyed":true,"latinumDelta":0,"standingDelta":0,"anyStandingChanged":false,"featsChanged":false},"playerShipKill":{"destroyed":true,"latinumDelta":51,"standingDelta":-4},"npcStationKill":{"destroyed":true,"latinumDelta":0,"anyStandingChanged":false,"featsChanged":false},"escortProjectileKill":{"shotOwner":"npc","shotCredit":"playerEscort","lastDamageSource":"playerEscort","destroyed":true,"latinumDelta":34,"standingDelta":-4},"bajoraNpcOnly":{"stations":4,"allDestroyed":true,"featSet":false,"cardassianDelta":0,"latinumDelta":0,"anyStandingChanged":false,"featsChanged":false},"bajoraStationSets":{"first":"46-152,46-153,46-154,egg-shipyard-bajoran-1","second":"46-152,46-153,46-154,egg-shipyard-bajoran-1"},"bajoraPlayerFinal":{"stations":4,"allDestroyed":true,"featSet":true,"cardassianDelta":15},"far":{"weaponRange":820,"distance":4000,"fired":false,"playerHitAfter":false,"maxDrop":0,"pursuing":true,"alive":true,"elapsedMs":4012},"near":{"distance":410,"fired":true,"playerHitAfter":true,"maxDrop":14,"pursuing":true,"alive":true,"elapsedMs":9},"relations":{"breenDominionAligned":false,"breenDominionOpposed":false,"breenFriendly":[],"dominionFriendly":["cardassian"],"entriesPresent":true,"explicitEmpty":true,"unknownKeyWarnings":1},"independent":{"control":{"index":13,"origin":"ferengi","originSource":"government","controller":"player","controlSource":"player","polityId":"player","allegiance":"neutral","playerControlled":true},"owners":{"gov":"player","foreign":"vulcan","priv":"private:probe-private-1"},"govFlag":"neutral","govOwned":true,"foreignFlag":"vulcan","foreignOwned":false,"escortIsDefender":true,"raiderAttacksEscortSide":true,"escortTargetsRaider":true,"raiderDamagedBy":"station","raiderHullDropped":true,"escortFired":true,"stationFired":true},"hostileNeutral":{"escortTarget":true,"attackerToEscort":true,"canTargetStation":true,"stationState":{"destroyed":false,"attitude":"friendly","owner":"player"},"sideId":"ship:9303"},"visitors":{"playerControlled":true,"sameFlagStation":{"owner":"ferengi","flag":"ferengi","targetWhenCalm":false,"targetWhenHostile":true},"traderDefends":false,"patrolMayAssist":true,"patrolEngagesPirate":true,"patrolOwnerUnchanged":true,"merchantAttacker":true,"merchantEscortTarget":true,"merchantAggressionSide":"player"},"flagChange":{"playerFaction":"klingon","control":{"index":13,"origin":"ferengi","originSource":"government","controller":"player","controlSource":"player","polityId":"player","allegiance":"klingon","playerControlled":true},"owners":{"gov":"player","foreign":"vulcan","priv":"private:probe-private-1"},"govFlag":"klingon","govOwned":true,"foreignFlag":"vulcan","foreignOwned":false,"privFlag":"neutral","privOwned":false},"sameFlagRaid":{"playerFlag":"klingon","raiderFlag":"klingon","escortFlag":"klingon","escortSide":"player","escortCounted":true,"raiderIsTarget":true,"raiderAttacksEscort":true},"reconquest":{"concessionHolds":{"stations":["probe-foreign-vulcan"],"ships":0},"stillPlayerWhileConcessionStands":"player","capturePreconditions":{"stations":0,"ships":0,"player":false},"lostController":"romulan","ownersLost":{"gov":"romulan","foreign":"vulcan","priv":"private:probe-private-1"},"govFlagLost":"romulan","govOwnedLost":false,"attackersAfter":[{"faction":"romulan","role":"occupationFleet"},{"faction":"romulan","role":"occupationFleet"}],"bystanderAfterCapture":{"faction":"ferengi","side":"ferengi","alive":true,"defends":true,"targetsFleet":null},"reclaimBlocked":{"canClaim":false,"blockers":["patrol ship:romulan","patrol ship:romulan"],"stillLost":"romulan","clearedCanClaim":true},"reclaimedController":"player","ownersReclaimed":{"gov":"player","foreign":"vulcan","priv":"private:probe-private-1"},"govFlagReclaimed":"klingon","claimRuntime":{"govFlag":"klingon","govOwner":"player","foreignFlag":"vulcan","foreignOwner":"vulcan","foreignAttitude":"destroyed"},"claimCache":{"govFlag":"klingon","foreignFlag":"vulcan","foreignOwned":false}},"customPolity":{"controller":"Zzyx-Council","polityId":"Zzyx-Council","shipSides":["Zzyx-Council","Zzyx-Council","ship:9343"],"stationOwner":"Zzyx-Council","shipsAligned":true,"shipStationAligned":true,"loneAligned":false,"stationOwnedByPolity":true},"identity":{"unknown":{"origin":null,"originSource":"unknown","controller":null,"polityId":null},"custom":{"controller":"Zzyx-Council","polityId":"Zzyx-Council","allegiance":"neutral"},"earth":{"origin":"terran","controller":"neutral","polityId":"polity:0","allegiance":"neutral"},"distinctPolities":true},"arrival":{"protectionSet":true,"fleetSurvived":true,"ordersKept":true,"factionsKept":true,"controlUnchanged":true,"stationAttitudesUnchanged":true},"persistence":{"planets":101,"diffs":[],"flagKept":true,"expected":{"home":true,"vulcanQonos":true,"earth":true,"bajora":true,"untouchedOrigin":true,"unknownOrigins":0},"ownersAfterReload":{"gov":"player","foreign":"vulcan","priv":"private:probe-private-1"},"runtime":{"govFlag":"klingon","govOwned":true,"foreignFlag":"vulcan","foreignOwned":false}},"migration":{"hadRecords":true,"recordsRebuilt":true,"homeGov":"player","foreignRecorded":null,"foreignResolved":"vulcan","privateResolved":"private:probe-private-1","bajoraGov":true},"cachedReentry":{"zz":{"shipId":305,"faction":"neutral","side":"Zzyx-Council"},"ships":8,"sameAfterReturn":true,"sameAfterCapture":true,"holderDuring":"romulan","govFlagUnderRomulans":null},"alliedAggression":{"aligned":true,"attacker":false,"turretTarget":false,"fleet":{"patrol":false,"station":false},"firedAt":"terran","attackerAfter":true,"turretTargetAfter":true,"patrolSelects":true,"fleetAfter":{"patrol":true,"station":true}},"customConquest":{"controller":"Zzyx-Council","councilStations":5,"blockers":["station:J'lin Center","station:U of Vulcan","station:V'Pek Tar","station:VSU Dorms","station:Vulcan South U"],"blockedCanClaim":false,"clearedCanClaim":true,"concessionOwner":"ferengi","privateOwner":"private:probe-council-private"},"sameFlagAuthority":{"playerFlag":"klingon","controller":"klingon","controlled":false,"claimLabel":"Claim System","access":true},"enemyDefense":{"playerFlag":"klingon","beforeAttack":{"attacker":false,"target":null},"escortFiredAt":"klingon","escortIsAttacker":true,"defenderSelectsEscort":true,"defenderFiredAt":"player","defenderFired":true,"escortDamagedBy":"station","escortHullDropped":true},"policyDefault":{"effective":{"roe":"defend","access":{"warFlag":"open","independent":"open","unknown":"open","other":"open"},"alerts":"incidents"},"matchesDefault":true,"raider":{"target":true,"attacker":true},"hostile":{"target":true,"attacker":true},"warFlag":{"target":true,"attacker":true},"calm":{"target":false,"attacker":false}},"twoHoldings":{"homeRoe":"return-fire","vulcanRoe":"defend","homeCalm":{"target":false,"attacker":false},"homeAfterFire":{"target":true,"attacker":true},"vulcanCalm":{"target":true,"attacker":true}},"independentPlayer":{"flag":"neutral","defend":{"klingon":{"target":false,"attacker":false},"hostile":{"target":true,"attacker":true}},"returnFire":{"hostile":{"target":false,"attacker":false}},"afterFire":{"target":true,"attacker":true}},"foreignDefense":{"defend":{"concessionAlive":true,"concessionFired":true,"raiderHitBy":"station","escortFiredAtRaider":false,"raider":{"target":false,"attacker":false},"concessionTurret":true,"concessionOwner":"vulcan","patrolSide":"ferengi","patrolCommanded":false},"return-fire":{"concessionAlive":true,"concessionFired":true,"raiderHitBy":"station","escortFiredAtRaider":false,"raider":{"target":false,"attacker":false},"concessionTurret":true,"concessionOwner":"vulcan","patrolSide":"ferengi","patrolCommanded":false}},"stationRoe":{"hubAlive":true,"govAlive":true,"hubOwner":"ferengi","hubFiredAt":"player","hubHostileReturnFire":false,"hubAfterFire":true,"hubHostileDefend":true,"calmHubNoOrder":false,"calmHubOrdered":true,"hubFiredOn":true,"ownOrderRefused":true,"ownOrdered":false,"ownNeverFiredOn":true},"ownDefenses":{"flag":"ferengi","hubOwner":"ferengi","hubFlag":"ferengi","hubAlive":true,"hubHitByEscort":true,"hubTurnedHostile":true,"gov":{"owner":"player","hostile":false,"attitude":"friendly","firedAtPlayer":false},"cachedGov":{"hostile":false,"attitude":"friendly"},"garrison":{"side":"player","hostile":false,"attitude":"friendly","aggro":false},"foreignPatrolAlerted":true},"replacementEvidence":{"sameId":true,"before":{"target":true,"attacker":true},"after":{"target":false,"attacker":false},"fields":{"aggressionAt":0,"aggressionSide":null,"aggro":0,"order":0,"attackId":null,"damage":null}},"raidEvidence":{"roe":"return-fire","staleNoAttack":{"target":false,"attacker":false},"staleOtherSystem":{"target":false,"attacker":false},"raidHere":{"target":true,"attacker":true}},"aggressionScope":{"elsewhereAggression":{"target":false,"attacker":false},"hereAggression":{"target":true,"attacker":true},"abroadCalm":{"roe":"return-fire","held":false,"target":false,"attacker":false},"abroadAfterFire":{"target":true,"attacker":true},"abroadDefendCalm":{"target":true,"attacker":true}},"partialOverride":{"partial1":{"roe":"defend","access":{"warFlag":"challenge","independent":"closed","unknown":"open","other":"open"},"alerts":"incidents"},"partial2":{"roe":"return-fire","access":{"warFlag":"challenge","independent":"closed","unknown":"open","other":"open"},"alerts":"incidents"},"storedOverride":{"roe":"return-fire","access":{"independent":"closed"}}},"flagPolicy":{"same":true,"roeHome":"return-fire","flag":"klingon"},"lossReclaim":{"effective":null,"retained":true,"roeApplied":"defend","defaultRoe":"defend","reclaimedRoe":"return-fire"},"persistPolicy":{"same":true,"effSame":true,"legacyDefault":true,"legacyNoOverride":true},"securityUi":{"flag":"klingon","tabPresent":true,"uiOverride":"return-fire","uiDefault":"return-fire","uiCleared":true,"foreignHeldByFlagFaction":"klingon","foreignTab":false},"zoneAuthority":{"foreignExcluded":true,"foreignPresent":true,"disabledByDefault":true,"setAtForeign":true,"enabled":true,"radius":673,"hold":538},"openAccess":{"inside":true,"orders":0,"hostile":false,"attackId":null,"standingsSame":true,"escortFired":null,"anchorShots":null,"noncompliant":false},"policyTightening":{"sameEpisode":true,"issued":true,"kind":"withdraw","decision":"closed"},"challenge":{"issued":true,"kind":"challenge","cls":"other","destWhileOrdered":"checkpoint hold","reached":true,"dwellSeen":41.66674999999999,"cleared":true,"outcome":"cleared","compliance":"movement_identity","orders":1,"clearance":"check","resumed":true,"identity":{"role":"traffic","side":"ferengi","fleet":null,"faction":"ferengi"},"identityBefore":{"role":"traffic","side":"ferengi","fleet":null,"faction":"ferengi"},"stillOneOrderAfterDwell":true},"closedAccess":{"issued":true,"kind":"withdraw","withdrawn":true,"outcome":"withdrawn","compliance":"withdrawal","nextDestinationOutside":true,"objectiveCleared":true,"orders":1,"clearance":null},"refusal":{"issued":true,"cls":"warFlag","expired":true,"outcome":"expired","noncompliant":true,"hostile":false,"attackId":null,"aggro":false,"standingsSame":true,"escortTarget":false,"attacker":false,"escortFired":null,"anchorFired":null,"secondOrderForSameVisit":1},"realAggression":{"afterShot":{"target":true,"attacker":true},"stale":{"target":false,"attacker":false},"noClearance":true},"classification":{"own":"exempt:open:false","sameFlag":"other:challenge:true","independent":"independent:challenge:true","warFlag":"warFlag:closed:true","custom":"other:challenge:true","unknown":"unknown:open:true","player":"exempt:open","unknownNotOrdered":true,"ownNotOrdered":true,"customOrdered":true,"customSide":"Zzyx-Council"},"timeAndInterruptions":{"slowDelta":42,"idleDelta":0,"unloadedDelta":0,"disabled":"unable_to_comply","disabledFault":false,"combat":"interrupted","combatFault":false,"awayOrderKeptRemaining":true,"awayRestoredSameSlot":true,"awayOrderStillActive":true},"saveReload":{"approach":{"orderKept":true,"remainingKept":true,"restored":true,"sameSlot":true,"duplicates":1,"hullKept":true,"objective":true,"ordersForVisitor":1,"cacheWiped":true,"broadcastKept":true},"dwell":{"dwellKept":true,"restored":true,"clearedAfter":true,"ordersForVisitor":1,"dwellBefore":1500}},"replacementIdentity":{"orderIssued":true,"sameNpcId":true,"instanceChanged":true,"oldOrderClosed":"contact_lost","oldOutcome":"contact_lost","newHasNoClearance":true,"newHasNoOrder":true,"ep0":1,"epJitter":1,"epReturn":2},"captureReclaim":{"orderBefore":true,"outcome":"authority_changed","epochBumped":true,"lostZone":true,"configKept":true,"overrideKept":true,"ordersUnderOccupier":0,"reclaimedActive":true,"reclaimedEpoch":2,"oldOrderStillClosed":true,"activeAfterReclaim":0},"operatorUi":{"clickedAccess":true,"accessOther":"challenge","accessWarFlagUntouched":"open","rowShown":true,"waived":true,"waivedOutcome":"waived","waiverProvenance":"waiver","waiverNotVerified":true,"requested":true,"afterRequest":{"kind":"withdraw","revision":2,"outcome":null},"cancelled":true,"cancelledOutcome":"canceled","stricter":true,"afterStricter":{"id":"o32","kind":"withdraw","revision":2,"outcome":null,"count":1},"relaxed":true,"afterRelax":{"outcome":"policy_relaxed","noncompliant":false},"reconfigured":true,"afterReconfig":{"outcome":"zone_reconfigured","noncompliant":false,"zoneAnchor":"13-64"}},"checkpointLoss":{"loss":{"outcome":"checkpoint_unavailable","zoneGone":true,"noFault":true,"configKept":true},"legacy":{"noZones":true,"noOrders":true,"zoneNull":true},"invalid":{"ok":true,"noOrders":true,"noOrphanObjective":true,"zoneNull":true}},"playerCompliance":{"arrival":{"placed":true,"inside":false,"insideBefore":true,"anchor":"J'lin Center","radius":605},"noOrderOutside":true,"ordered":true,"kind":"challenge","cls":"independent","dockBlockedNear":{"ok":false,"log":"Vulcan Orbital Authority: hold at the marked point for clearance before docking."},"requestRefused":true,"panelShown":true,"repeatKeepsTimer":true,"acknowledged":true,"clearedP":true,"outcome":"cleared","dockAfter":true,"clearanceRevokedByAggression":true,"foreignEditRejected":true},"playerWithdrawRefuse":{"newOrderAfterReentry":true,"withdrawingP":true,"stillActiveBeforeMove":true,"withdrawnP":"withdrawn","clearanceAfterWithdraw":null,"refuseOrder":true,"refusedOutcome":"refused","noncompliant":true,"dockRefused":false,"standingsSame":true,"anyHostile":false,"departureClears":{"outcome":"refused","noncompliantAfterJump":false,"inside":false,"now":true}},"isolation":{"hostileNotAddressed":true,"hostileStillTarget":true,"fleetSame":true,"waived":true,"hostileFlagKept":true}}

> broken-mirror-1@0.0.1 validate:ships
> node bm-ships/validate.mjs

PASS 174 distinct records; 172 active and two retired
PASS All 152 BM2 source IDs resolve; Galaxy Dreadnaught maps to 49, not 60
PASS Every asset is inside this pack, hash-verified and referenced
PASS Every image crop and baseline draw size is valid
PASS 26 redirects only new references to 211; retired 63 remains loadable
PASS Excalibur, independent capital and Galaxy Dreadnaught are distinct
PASS Five approved hulls have full balance; civilian shuttles start with empty armable slots
PASS Blender gets scouts/fighters, not Dominion cruisers or battleships
PASS Dominion core keeps its heavy ships; only authorized deployments leave
PASS Gorn stays reserved; tactical cube requires an authored mission
PASS No illegal fallback when a faction has no permitted local hulls
PASS Faction standing travels with the captain; credits and another faction cannot substitute
PASS Secret stock and regional sales require the corresponding vendor/context
PASS Changing class scale preserves the aspect ratio and the per-hull envelope
14/14 content/helper checks passed. No game-engine integration is implied.

> broken-mirror-1@0.0.1 test:ships
> node scripts/ship-catalog-integration-test.mjs

PASS every explicit station ship reference resolves to our active catalog
PASS empty civilian loadouts can travel but cannot populate military patrols
PASS catalog loads through the remaster helper (HTTP-shaped fetch, not file:// globals)
PASS merge overlays catalog ships and leaves stations/pods untouched
PASS getShip stays distinct from resolveNewShipId for 26 and 63
PASS ambiguous shipId 60 is never auto-converted to Excalibur
PASS Blender remnant traffic and Dominion core / reserved rules
PASS purchase uses faction standing/credits/vendor and refuses missing thresholds
PASS draw sizes are final envelopes including the five newly balanced hulls
PASS ambient roles never receive authorizedDeployment from the helper
PASS catalog JSON and helpers load over HTTP, not file://
11/11 remaster ship-catalog integration checks passed.

> broken-mirror-1@0.0.1 test:ships:ingame
> node scripts/ship-catalog-ingame-smoke.mjs

PASS in-game catalog loaded (includes Dominion Cruiser 216)
PASS imageUrl uses pack assets (http://127.0.0.1:39857/bm-ships/assets/0ca795d95e92189b8836165c186d5d9bcaacc1c3774934687f067999e427b77a.png)
PASS preview/src uses pack image URL
PASS getShip(26) stays 26; resolveNewShipId(26) is 211
PASS retired 63 stays loadable and is not a new reference
PASS ship 60 remains independent capital (Concord-class Grand Cruiser)
PASS Excalibur is an active balanced hull
PASS draw profile uses pack size with scale 1 ({"width":38,"height":49,"scale":1})
PASS Blender remnant traffic only
PASS Dominica core cruiser yes, battleship no ambient
PASS Earth Gorn pool stays empty
PASS invasions require authorizedDeployment
PASS explicit authored standing works without host tier configuration (eligible)
PASS Excalibur is eligible at 100 Terran standing at Project X (eligible)
PASS resolveShipId does not remake owned 26
PASS God Mode ship list includes catalog hulls (172)
screenshot /workspace/tmp-ship-catalog-god-switcher.png
screenshot /workspace/tmp-ship-catalog-ingame.png
in-game catalog smoke passed

> broken-mirror-1@0.0.1 test:ships:economy
> node scripts/ship-economy-probe.mjs

PASS freeze acknowledges the final game loop
PASS starting faction has 20 standing; another faction starts at 0
PASS foreign concessions retain their own trade reputation
PASS McKinley keeps Steamrunner rather than a Dominion ID collision
PASS money alone cannot buy a capital for self, escort or garrison
PASS one Terran standing unlocks the same design in two regions
PASS changing a flag does not create or erase standing
PASS Excalibur needs 100 Terran standing, not money or Ferengi trust
PASS X-Base stocks distinct Galaxy Dreadnaught and Excalibur
PASS real purchase installs Excalibur at the approved cost and stats
PASS personal purchase gate also protects fleet paths
PASS Concord uses independent trade standing
PASS independent endgame vendor sells Concord, never Excalibur
PASS real Basic Shuttle purchase costs 900 and selects its own hull
PASS unarmed purchase preserves three empty slots even with weapons in inventory
PASS authored empty NPC loadout cannot fire or manufacture aggression
PASS firing an empty player slot creates no shot
PASS unarmed shuttle can buy and equip a compatible weapon
PASS the newly armed shuttle damages a target with the real weapon path
PASS armed shuttle loadout and faction standing survive save/reload
PASS intentionally empty loadout survives save/reload
PASS delivery fixture is accepted with cargo
PASS completed delivery earns destination trust and issuer trust
PASS repeating delivery cannot claim the same standing twice
PASS buy/sell cycling cannot buy its way to capital-ship trust
PASS Blender purchases remain scout/fighter remnants
PASS Dominica stocks cruiser 216 and battlecruiser 48, never Concord 60
PASS core-region stock permits heavy Dominion purchases away from Blender
PASS new Bird of Prey is between Brel and Kvort in durability and price
PASS purchase UI shows required and current faction standing
30/30 live economy checks passed

> broken-mirror-1@0.0.1 test:ships:merges
> node scripts/hull-merge-probe.mjs

PASS all 38 approved references resolve to one canonical hull each
PASS legacy-manifest entries cannot resurrect aliases or duplicate survivors
PASS alias validation rejects cycles, missing targets and IDs that still have records
PASS reviewed prices coexist with the approved artwork selections and Defiant anchor
PASS source IDs, regional pools and explicit station stock contain no discarded hulls
PASS five variant pairs and the requested unique BM2 hulls remain active
PASS game loop freezes
PASS starting hull resolves Ferengi #18 to #316
PASS live roster and ship selector have exactly 172 active hulls
PASS all old IDs are absent from runtime records but resolve to selected survivors
PASS NPC construction uses canonical hull while preserving political identity
PASS a yard listing both old and new IDs offers each hull once
PASS old and canonical IDs share faction-standing gates in all three purchase paths
PASS buying the old Defiant reference charges 62500 and stores hull #326
PASS escort and garrison commissioning store canonical IDs
PASS the current ship cannot be repurchased through its old alias
PASS civilian and Imperial Ambassador fits are distinct and use three slots
PASS upgraded Akira has a heavy beam and twin quantum fit
PASS Steamrunner strike frigate has its own three-weapon fit
PASS Imperial Ambassador and strike Akira have stronger NPC starting fire than their base variants
PASS every explicit starting weapon fits its hull mass
PASS civilian shuttles retain empty, armable three-slot layouts
PASS Vulcan Explorer uses the approved native scale rounded to screen pixels
23/23 hull merge checks passed

> broken-mirror-1@0.0.1 test:ships:balance
> node scripts/ship-balance-probe.mjs

PASS all 172 active hulls have a role, rationale, explicit faction gate and reviewed capabilities
PASS every supplied slot is explicit, defined and compatible with its hull; no obsolete ID fit leaks
PASS same-class retained variants provide deliberate upgrades or civilian/military tradeoffs
PASS early progression and specialist tradeoffs replace the old price inversions
PASS all faction gates work just below and at their threshold without host tier configuration
PASS supercapital gates and region restrictions survive the full balance pass
PASS empty and utility-only craft cannot be selected as armed patrols or invasion ships
PASS live game loop freezes
PASS all 172 hulls instantiate and keep their exact three slots despite poisoned legacy item rows
PASS all live hull, shield, cargo, impulse, fuel and range values match the authored capabilities
PASS repricing every hull leaves its warp range unchanged
PASS NPC primary weapons match supplied compatible combat equipment; empty and utility craft emit no aggression
PASS every initially noncombat hull accepts a compatible weapon in a real equipment slot
PASS fast scout and freighter differ in actual player speed, NPC speed and turning
PASS Defiant is faster and more agile than Dderidex; the warbird carries far more protection and cargo
PASS upgraded Akira adds real fitted damage potential and preserves both quantum launchers
PASS survey and support fits are not hidden assault loadouts
PASS purchase details show the role, all three supplied slots and shields
PASS no cheaper same-faction same-market hull dominates every measured capability and included device
19/19 full-roster balance checks passed

> broken-mirror-1@0.0.1 check:ship-manifest
> node scripts/sync-ship-roster.mjs --check


> broken-mirror-1@0.0.1 build
> node scripts/build-release.mjs

Release written to /workspace/dist
Chrome extension app written to /workspace/dist-chrome-extension

> broken-mirror-1@0.0.1 build:python
> python3 scripts/build_release.py

Release written to /workspace/dist
Chrome extension app written to /workspace/dist-chrome-extension
